BL51 BANKED LINKER/LOCATER V6.22.2.0                                                    05/06/2020  20:41:39  PAGE 1


BL51 BANKED LINKER/LOCATER V6.22.2.0, INVOKED BY:
C:\PROGRAM FILES (X86)\KEIL UVISION 5\C51\BIN\BL51.EXE .\Objects\STARTUP.obj, .\Objects\main.obj TO .\Objects\test PRINT
>>  (.\Listings\test.m51) RAMSIZE (256)


MEMORY MODEL: SMALL


INPUT MODULES INCLUDED:
  .\Objects\STARTUP.obj (?C_STARTUP)
  .\Objects\main.obj (MAIN)


LINK MAP OF MODULE:  .\Objects\test (?C_STARTUP)


            TYPE    BASE      LENGTH    RELOCATION   SEGMENT NAME
            -----------------------------------------------------

            * * * * * * *   D A T A   M E M O R Y   * * * * * * *
            REG     0000H     0008H     ABSOLUTE     "REG BANK 0"
            DATA    0008H     0002H     UNIT         ?DT?MAIN
            IDATA   000AH     0001H     UNIT         ?STACK

            * * * * * * *   C O D E   M E M O R Y   * * * * * * *
            CODE    0000H     0003H     ABSOLUTE     
                    0003H     07FDH                  *** GAP ***
            CODE    0800H     002CH     UNIT         ?PR?_DELAY?MAIN
            CODE    082CH     0014H     UNIT         ?PR?MAIN?MAIN
            CODE    0840H     000CH     UNIT         ?C_C51STARTUP



OVERLAY MAP OF MODULE:   .\Objects\test (?C_STARTUP)


SEGMENT
  +--> CALLED SEGMENT
---------------------
?C_C51STARTUP
  +--> ?PR?MAIN?MAIN

?PR?MAIN?MAIN
  +--> ?PR?_DELAY?MAIN



SYMBOL TABLE OF MODULE:  .\Objects\test (?C_STARTUP)

  VALUE           TYPE          NAME
  ----------------------------------

  -------         MODULE        ?C_STARTUP
  C:0840H         SEGMENT       ?C_C51STARTUP
  I:000AH         SEGMENT       ?STACK
  C:0000H         PUBLIC        ?C_STARTUP
  D:00E0H         SYMBOL        ACC
  D:00F0H         SYMBOL        B
BL51 BANKED LINKER/LOCATER V6.22.2.0                                                  05/06/2020  20:41:39  PAGE 2


  D:0083H         SYMBOL        DPH
  D:0082H         SYMBOL        DPL
  N:0000H         SYMBOL        IBPSTACK
  N:0100H         SYMBOL        IBPSTACKTOP
  N:0080H         SYMBOL        IDATALEN
  C:0843H         SYMBOL        IDATALOOP
  N:0000H         SYMBOL        PBPSTACK
  N:0100H         SYMBOL        PBPSTACKTOP
  N:0000H         SYMBOL        PDATALEN
  N:0000H         SYMBOL        PDATASTART
  N:0000H         SYMBOL        PPAGE
  N:0000H         SYMBOL        PPAGEENABLE
  D:00A0H         SYMBOL        PPAGE_SFR
  D:0081H         SYMBOL        SP
  C:0840H         SYMBOL        STARTUP1
  N:0000H         SYMBOL        XBPSTACK
  N:0000H         SYMBOL        XBPSTACKTOP
  N:0000H         SYMBOL        XDATALEN
  N:0000H         SYMBOL        XDATASTART
  C:0000H         LINE#         126
  C:0840H         LINE#         133
  C:0842H         LINE#         134
  C:0843H         LINE#         135
  C:0844H         LINE#         136
  C:0846H         LINE#         185
  C:0849H         LINE#         196
  -------         ENDMOD        ?C_STARTUP

  -------         MODULE        MAIN
  C:0000H         SYMBOL        _ICE_DUMMY_
  D:0090H         PUBLIC        P1
  C:0800H         PUBLIC        _delay
  C:082CH         PUBLIC        main
  D:0089H         PUBLIC        TMOD
  B:0088H.5       PUBLIC        TF0
  D:008CH         PUBLIC        TH0
  D:008AH         PUBLIC        TL0
  B:0088H.4       PUBLIC        TR0
  D:0008H         PUBLIC        i
  -------         PROC          _DELAY
  D:0007H         SYMBOL        seconds
  -------         DO            
  D:0005H         SYMBOL        i
  D:0006H         SYMBOL        j
  -------         ENDDO         
  C:0800H         LINE#         5
  C:0800H         LINE#         6
  C:0800H         LINE#         9
  C:0807H         LINE#         10
  C:0807H         LINE#         11
  C:0813H         LINE#         12
  C:0813H         LINE#         13
  C:0816H         LINE#         14
  C:081CH         LINE#         15
  C:081EH         LINE#         16
  C:0821H         LINE#         17
  C:0823H         LINE#         18
BL51 BANKED LINKER/LOCATER V6.22.2.0                                                  05/06/2020  20:41:39  PAGE 3


  C:0826H         LINE#         19
  C:0828H         LINE#         20
  C:082BH         LINE#         21
  -------         ENDPROC       _DELAY
  -------         PROC          MAIN
  C:082CH         LINE#         23
  C:082CH         LINE#         24
  C:082CH         LINE#         25
  C:082FH         LINE#         26
  C:082FH         LINE#         27
  C:082FH         LINE#         28
  C:0837H         LINE#         29
  C:083EH         LINE#         30
  -------         ENDPROC       MAIN
  -------         ENDMOD        MAIN

******************************************************************************
* RESTRICTED VERSION WITH 0800H BYTE CODE SIZE LIMIT; USED: 004FH BYTE ( 3%) *
******************************************************************************

Program Size: data=11.0 xdata=0 code=79
LINK/LOCATE RUN COMPLETE.  0 WARNING(S),  0 ERROR(S)
